// Jest Snapshot v1, https://goo.gl/fbAQLP

exports[`DogList snapshot 1`] = `
<div>
  <div>
    <button
      className="headerButton"
      onClick={[Function]}
      style={
        Object {
          "backgroundImage": undefined,
          "width": "10%",
        }
      }
    >
      Image
    </button>
    <button
      className="headerButton"
      onClick={[Function]}
      style={
        Object {
          "backgroundImage": "url(iconsUpDown.png)",
          "width": "22.5%",
        }
      }
    >
      Name
    </button>
    <button
      className="headerButton"
      onClick={[Function]}
      style={
        Object {
          "backgroundImage": "url(iconsUpDown.png)",
          "width": "22.5%",
        }
      }
    >
      Height
    </button>
    <button
      className="headerButton"
      onClick={[Function]}
      style={
        Object {
          "backgroundImage": "url(iconsUpDown.png)",
          "width": "22.5%",
        }
      }
    >
      LifeSpan
    </button>
    <button
      className="headerButton"
      onClick={[Function]}
      style={
        Object {
          "backgroundImage": false,
          "width": "22.5%",
        }
      }
    >
      Breed Group
    </button>
  </div>
  <div
    className="detailContainer"
  >
    <div
      className="imageContainer"
    >
      <img
        alt="NoImage"
        className="imageClass"
        height="100px"
        src="noImage.png"
        width="100px"
      />
    </div>
    <div
      className="column"
    >
      <div
        className="name"
      >
        <span
          className="bold"
        >
          Name:
        </span>
         
        Alaskan Malamute
      </div>
      <div
        className="name"
      >
        <span
          className="bold"
        >
          Temperament:
        </span>
         
        Friendly, Affectionate, Devoted, Loyal, Dignified, Playful
      </div>
    </div>
    <div
      className="column"
    >
      <div
        className="name"
      >
        <span
          className="bold"
        >
          Metric: 
        </span>
        58 - 64
      </div>
      <div
        className="name"
      >
        <span
          className="bold"
        >
          Imperial: 
        </span>
        23 - 25
      </div>
    </div>
    <div
      className="column flex"
    >
      12 - 15 years
    </div>
    <div
      className="column flex"
    >
      Working
    </div>
  </div>
  <div
    className="detailContainer"
  >
    <div
      className="imageContainer"
    >
      <img
        alt="NoImage"
        className="imageClass"
        height="100px"
        src="noImage.png"
        width="100px"
      />
    </div>
    <div
      className="column"
    >
      <div
        className="name"
      >
        <span
          className="bold"
        >
          Name:
        </span>
         
        Alaskan 
      </div>
      <div
        className="name"
      >
        <span
          className="bold"
        >
          Temperament:
        </span>
         
        Friendly, Affectionate, Devoted, Loyal, Dignified, Playful
      </div>
    </div>
    <div
      className="column"
    >
      <div
        className="name"
      >
        <span
          className="bold"
        >
          Metric: 
        </span>
        58 - 64
      </div>
      <div
        className="name"
      >
        <span
          className="bold"
        >
          Imperial: 
        </span>
        20 - 22
      </div>
    </div>
    <div
      className="column flex"
    >
      12 - 15 years
    </div>
    <div
      className="column flex"
    >
      Working
    </div>
  </div>
</div>
`;
